// Jest Snapshot v1, https://goo.gl/fbAQLP

exports[`renders correctly  1`] = `
<div>
  <button
    id="id1"
    onClick={[Function]}
  >
    Red
  </button>
  <button
    id="id2"
    onClick={[Function]}
  >
    Green
  </button>
  <button
    id="id3"
    onClick={[Function]}
  >
    Yellow
  </button>
</div>
`;
