// Jest Snapshot v1, https://goo.gl/fbAQLP

exports[`renders correctly  1`] = `
<div
  className="App"
>
  <div
    id="btn1"
  >
    <button
      disabled={false}
      id="btn1"
      name="btn1"
      onClick={[Function]}
      value="player1"
    >
      Player1
    </button>
    <table
      id="p1"
    >
      <tr>
        <td
          className="uncoloured"
          id={1}
        >
          1
        </td>
        <td
          className="uncoloured"
          id={2}
        >
          2
        </td>
        <td
          className="uncoloured"
          id={3}
        >
          <img
            src="snake.jpeg"
          />
          3
        </td>
        <td
          className="uncoloured"
          id={4}
        >
          4
        </td>
        <td
          className="uncoloured"
          id={5}
        >
          <img
            src="snake.jpeg"
          />
          5
        </td>
      </tr>
      <tr>
        <td
          className="uncoloured"
          id={6}
        >
          6
        </td>
        <td
          className="uncoloured"
          id={7}
        >
          7
        </td>
        <td
          className="uncoloured"
          id={8}
        >
          8
        </td>
        <td
          className="uncoloured"
          id={9}
        >
          <img
            src="snake.jpeg"
          />
          9
        </td>
        <td
          className="uncoloured"
          id={10}
        >
          10
        </td>
      </tr>
      <tr>
        <td
          className="uncoloured"
          id={11}
        >
          11
        </td>
        <td
          className="uncoloured"
          id={12}
        >
          12
        </td>
        <td
          className="uncoloured"
          id={13}
        >
          <img
            src="snake.jpeg"
          />
          13
        </td>
        <td
          className="uncoloured"
          id={14}
        >
          14
        </td>
        <td
          className="uncoloured"
          id={15}
        >
          15
        </td>
      </tr>
      <tr>
        <td
          className="uncoloured"
          id={16}
        >
          16
        </td>
        <td
          className="uncoloured"
          id={17}
        >
          17
        </td>
        <td
          className="uncoloured"
          id={18}
        >
          18
        </td>
        <td
          className="uncoloured"
          id={19}
        >
          19
        </td>
        <td
          className="uncoloured"
          id={20}
        >
          20
        </td>
      </tr>
      <tr>
        <td
          className="uncoloured"
          id={21}
        >
          21
        </td>
        <td
          className="uncoloured"
          id={22}
        >
          22
        </td>
        <td
          className="uncoloured"
          id={23}
        >
          23
        </td>
        <td
          className="uncoloured"
          id={24}
        >
          24
        </td>
        <td
          className="uncoloured"
          id={25}
        >
          25
        </td>
      </tr>
    </table>
  </div>
  <div
    id="div2"
  >
    <button
      disabled={false}
      id="btn2"
      name="btn2"
      onClick={[Function]}
      value="player2"
    >
      Player 2
    </button>
    <table
      id="p1"
    >
      <tr>
        <td
          className="uncoloured"
          id={1}
        >
          1
        </td>
        <td
          className="uncoloured"
          id={2}
        >
          2
        </td>
        <td
          className="uncoloured"
          id={3}
        >
          <img
            src="snake.jpeg"
          />
          3
        </td>
        <td
          className="uncoloured"
          id={4}
        >
          4
        </td>
        <td
          className="uncoloured"
          id={5}
        >
          <img
            src="snake.jpeg"
          />
          5
        </td>
      </tr>
      <tr>
        <td
          className="uncoloured"
          id={6}
        >
          6
        </td>
        <td
          className="uncoloured"
          id={7}
        >
          7
        </td>
        <td
          className="uncoloured"
          id={8}
        >
          8
        </td>
        <td
          className="uncoloured"
          id={9}
        >
          <img
            src="snake.jpeg"
          />
          9
        </td>
        <td
          className="uncoloured"
          id={10}
        >
          10
        </td>
      </tr>
      <tr>
        <td
          className="uncoloured"
          id={11}
        >
          11
        </td>
        <td
          className="uncoloured"
          id={12}
        >
          12
        </td>
        <td
          className="uncoloured"
          id={13}
        >
          <img
            src="snake.jpeg"
          />
          13
        </td>
        <td
          className="uncoloured"
          id={14}
        >
          14
        </td>
        <td
          className="uncoloured"
          id={15}
        >
          15
        </td>
      </tr>
      <tr>
        <td
          className="uncoloured"
          id={16}
        >
          16
        </td>
        <td
          className="uncoloured"
          id={17}
        >
          17
        </td>
        <td
          className="uncoloured"
          id={18}
        >
          18
        </td>
        <td
          className="uncoloured"
          id={19}
        >
          19
        </td>
        <td
          className="uncoloured"
          id={20}
        >
          20
        </td>
      </tr>
      <tr>
        <td
          className="uncoloured"
          id={21}
        >
          21
        </td>
        <td
          className="uncoloured"
          id={22}
        >
          22
        </td>
        <td
          className="uncoloured"
          id={23}
        >
          23
        </td>
        <td
          className="uncoloured"
          id={24}
        >
          24
        </td>
        <td
          className="uncoloured"
          id={25}
        >
          25
        </td>
      </tr>
    </table>
  </div>
  <div>
    <p
      id="demoran"
    >
      Dice: 
      0
    </p>
    <p
      id="demopos"
    />
  </div>
</div>
`;
